
> react-example@0.0.0 dev
> vite --port=3000 --host=0.0.0.0

[2m6:33:38 PM[22m [36m[1m[vite][22m[39m [90m[2m(client)[22m[39m Re-optimizing dependencies because lockfile has changed

  [32m[1mVITE[22m v6.4.2[39m  [2mready in [0m[1m803[22m[2m[0m ms[22m

  [32m➜[39m  [1mLocal[22m:   [36mhttp://localhost:[1m3000[22m/[39m
  [32m➜[39m  [1mNetwork[22m: [36mhttp://192.168.1.11:[1m3000[22m/[39m
[2m6:38:25 PM[22m [36m[1m[vite][22m[39m [90m[2m(client)[22m[39m [32mhmr update [39m[2m/@fs/C:\Users\Huynh Nhu\Downloads\Project\frontend\src\components\admin\AdminDashboardParts.tsx, /src/index.css[22m
[2m6:38:40 PM[22m [36m[1m[vite][22m[39m [90m[2m(client)[22m[39m [32mhmr update [39m[2m/@fs/C:\Users\Huynh Nhu\Downloads\Project\frontend\src\components\admin\AdminDashboardParts.tsx, /src/index.css[22m
[2m6:38:40 PM[22m [36m[1m[vite][22m[39m [90m[2m(client)[22m[39m [33mhmr invalidate [39m[2m/@fs/C:\Users\Huynh Nhu\Downloads\Project\frontend\src\components\admin\AdminDashboardParts.tsx[22m Could not Fast Refresh (new export)
[2m6:38:40 PM[22m [36m[1m[vite][22m[39m [90m[2m(client)[22m[39m [32mhmr update [39m[2m/src/index.css, /@fs/C:\Users\Huynh Nhu\Downloads\Project\frontend\src\components\admin\tabs\AdminOverviewTab.tsx, /@fs/C:\Users\Huynh Nhu\Downloads\Project\frontend\src\components\admin\tabs\AdminPermissionsTab.tsx, /@fs/C:\Users\Huynh Nhu\Downloads\Project\frontend\src\components\admin\tabs\AdminProductsTab.tsx[22m
[2m6:39:52 PM[22m [36m[1m[vite][22m[39m [90m[2m(client)[22m[39m [32mhmr update [39m[2m/@fs/C:\Users\Huynh Nhu\Downloads\Project\frontend\src\components\admin\AdminDashboardParts.tsx, /src/index.css[22m
[2m6:40:09 PM[22m [36m[1m[vite][22m[39m [90m[2m(client)[22m[39m [32mhmr update [39m[2m/@fs/C:\Users\Huynh Nhu\Downloads\Project\frontend\src\components\admin\tabs\AdminProductsTab.tsx, /src/index.css[22m
[2m6:40:27 PM[22m [36m[1m[vite][22m[39m [90m[2m(client)[22m[39m [32mhmr update [39m[2m/src/index.css, /@fs/C:\Users\Huynh Nhu\Downloads\Project\frontend\src\components\admin\AdminDashboardTabContent.tsx[22m
[2m6:40:27 PM[22m [36m[1m[vite][22m[39m [90m[2m(client)[22m[39m [33mhmr invalidate [39m[2m/@fs/C:\Users\Huynh Nhu\Downloads\Project\frontend\src\components\admin\AdminDashboardTabContent.tsx[22m Could not Fast Refresh ("buildOverviewStats" export is incompatible). Learn more at https://github.com/vitejs/vite-plugin-react/tree/main/packages/plugin-react#consistent-components-exports
[2m6:40:27 PM[22m [36m[1m[vite][22m[39m [90m[2m(client)[22m[39m [32mhmr update [39m[2m/src/index.css, /src/pages/AdminDashboard.tsx[22m
[2m6:40:54 PM[22m [36m[1m[vite][22m[39m [90m[2m(client)[22m[39m [32mhmr update [39m[2m/src/index.css, /@fs/C:\Users\Huynh Nhu\Downloads\Project\frontend\src\components\admin\AdminDashboardTabContent.tsx[22m
[2m6:40:54 PM[22m [36m[1m[vite][22m[39m [90m[2m(client)[22m[39m [33mhmr invalidate [39m[2m/@fs/C:\Users\Huynh Nhu\Downloads\Project\frontend\src\components\admin\AdminDashboardTabContent.tsx[22m Could not Fast Refresh ("buildOverviewStats" export is incompatible). Learn more at https://github.com/vitejs/vite-plugin-react/tree/main/packages/plugin-react#consistent-components-exports
[2m6:40:54 PM[22m [36m[1m[vite][22m[39m [90m[2m(client)[22m[39m [32mhmr update [39m[2m/src/index.css, /src/pages/AdminDashboard.tsx[22m
[2m6:40:58 PM[22m [36m[1m[vite][22m[39m [90m[2m(client)[22m[39m [32mhmr update [39m[2m/src/index.css, /@fs/C:\Users\Huynh Nhu\Downloads\Project\frontend\src\components\admin\AdminDashboardTabContent.tsx[22m
[2m6:40:58 PM[22m [36m[1m[vite][22m[39m [90m[2m(client)[22m[39m [33mhmr invalidate [39m[2m/@fs/C:\Users\Huynh Nhu\Downloads\Project\frontend\src\components\admin\AdminDashboardTabContent.tsx[22m Could not Fast Refresh ("buildOverviewStats" export is incompatible). Learn more at https://github.com/vitejs/vite-plugin-react/tree/main/packages/plugin-react#consistent-components-exports
[2m6:40:58 PM[22m [36m[1m[vite][22m[39m [90m[2m(client)[22m[39m [32mhmr update [39m[2m/src/index.css, /src/pages/AdminDashboard.tsx[22m
[2m6:41:16 PM[22m [36m[1m[vite][22m[39m [90m[2m(client)[22m[39m [32mhmr update [39m[2m/src/index.css, /@fs/C:\Users\Huynh Nhu\Downloads\Project\frontend\src\components\admin\AdminDashboardTabContent.tsx[22m
[2m6:41:16 PM[22m [36m[1m[vite][22m[39m [90m[2m(client)[22m[39m [33mhmr invalidate [39m[2m/@fs/C:\Users\Huynh Nhu\Downloads\Project\frontend\src\components\admin\AdminDashboardTabContent.tsx[22m Could not Fast Refresh ("buildOverviewStats" export is incompatible). Learn more at https://github.com/vitejs/vite-plugin-react/tree/main/packages/plugin-react#consistent-components-exports
[2m6:41:16 PM[22m [36m[1m[vite][22m[39m [90m[2m(client)[22m[39m [32mhmr update [39m[2m/src/index.css, /src/pages/AdminDashboard.tsx[22m
[2m6:41:25 PM[22m [36m[1m[vite][22m[39m [90m[2m(client)[22m[39m [32mhmr update [39m[2m/src/index.css, /src/pages/AdminDashboard.tsx[22m
[2m6:47:19 PM[22m [36m[1m[vite][22m[39m [90m[2m(client)[22m[39m [32mhmr update [39m[2m/src/index.css, /src/pages/AdminDashboard.tsx[22m
[2m6:51:17 PM[22m [36m[1m[vite][22m[39m [90m[2m(client)[22m[39m [32mhmr update [39m[2m/src/index.css, /src/pages/AdminDashboard.tsx[22m
[2m7:04:10 PM[22m [36m[1m[vite][22m[39m [90m[2m(client)[22m[39m [32mhmr update [39m[2m/@fs/C:\Users\Huynh Nhu\Downloads\Project\frontend\src\components\admin\tabs\AdminProductsTab.tsx, /src/index.css[22m
[2m7:39:26 PM[22m [36m[1m[vite][22m[39m [90m[2m(client)[22m[39m [32mhmr update [39m[2m/src/index.css, /src/pages/AdminDashboard.tsx[22m
[2m7:46:25 PM[22m [36m[1m[vite][22m[39m [90m[2m(client)[22m[39m [32mhmr update [39m[2m/@fs/C:\Users\Huynh Nhu\Downloads\Project\frontend\src\components\admin\AdminEnterpriseShell.tsx, /src/index.css[22m
[2m7:46:28 PM[22m [36m[1m[vite][22m[39m [90m[2m(client)[22m[39m [32mhmr update [39m[2m/src/index.css, /@fs/C:\Users\Huynh Nhu\Downloads\Project\frontend\src\components\admin\AdminDashboardTabContent.tsx[22m
[2m7:46:28 PM[22m [36m[1m[vite][22m[39m [90m[2m(client)[22m[39m [33mhmr invalidate [39m[2m/@fs/C:\Users\Huynh Nhu\Downloads\Project\frontend\src\components\admin\AdminDashboardTabContent.tsx[22m Could not Fast Refresh ("buildOverviewStats" export is incompatible). Learn more at https://github.com/vitejs/vite-plugin-react/tree/main/packages/plugin-react#consistent-components-exports
[2m7:46:28 PM[22m [36m[1m[vite][22m[39m [90m[2m(client)[22m[39m [32mhmr update [39m[2m/src/index.css, /src/pages/AdminDashboard.tsx[22m
[2m7:46:32 PM[22m [36m[1m[vite][22m[39m [90m[2m(client)[22m[39m [32mhmr update [39m[2m/@fs/C:\Users\Huynh Nhu\Downloads\Project\frontend\src\components\admin\tabs\AdminProductsTab.tsx, /src/index.css[22m
[2m7:46:36 PM[22m [36m[1m[vite][22m[39m [90m[2m(client)[22m[39m [32mhmr update [39m[2m/src/index.css, /src/pages/AdminDashboard.tsx[22m
[2m7:48:34 PM[22m [36m[1m[vite][22m[39m [90m[2m(client)[22m[39m [32mhmr update [39m[2m/@fs/C:\Users\Huynh Nhu\Downloads\Project\frontend\src\components\admin\tabs\AdminProductsTab.tsx, /src/index.css[22m
[2m7:49:09 PM[22m [36m[1m[vite][22m[39m [90m[2m(client)[22m[39m [32mhmr update [39m[2m/@fs/C:\Users\Huynh Nhu\Downloads\Project\frontend\src\components\admin\tabs\AdminProductsTab.tsx, /src/index.css[22m
[2m7:59:07 PM[22m [36m[1m[vite][22m[39m [90m[2m(client)[22m[39m [32mhmr update [39m[2m/@fs/C:\Users\Huynh Nhu\Downloads\Project\frontend\src\components\admin\AdminDashboardParts.tsx, /src/index.css[22m
[2m7:59:11 PM[22m [36m[1m[vite][22m[39m [90m[2m(client)[22m[39m [32mhmr update [39m[2m/@fs/C:\Users\Huynh Nhu\Downloads\Project\frontend\src\components\admin\tabs\AdminProductsTab.tsx, /src/index.css[22m
[2m7:59:16 PM[22m [36m[1m[vite][22m[39m [90m[2m(client)[22m[39m [32mhmr update [39m[2m/@fs/C:\Users\Huynh Nhu\Downloads\Project\frontend\src\components\admin\tabs\AdminBrandsTab.tsx, /src/index.css[22m
[2m7:59:19 PM[22m [36m[1m[vite][22m[39m [90m[2m(client)[22m[39m [32mhmr update [39m[2m/@fs/C:\Users\Huynh Nhu\Downloads\Project\frontend\src\components\admin\tabs\AdminInventoryTab.tsx, /src/index.css[22m
[2m7:59:22 PM[22m [36m[1m[vite][22m[39m [90m[2m(client)[22m[39m [32mhmr update [39m[2m/@fs/C:\Users\Huynh Nhu\Downloads\Project\frontend\src\components\admin\tabs\AdminCategoriesTab.tsx, /src/index.css[22m
[2m7:59:27 PM[22m [36m[1m[vite][22m[39m [90m[2m(client)[22m[39m [32mhmr update [39m[2m/src/index.css, /@fs/C:\Users\Huynh Nhu\Downloads\Project\frontend\src\components\admin\AdminDashboardTabContent.tsx[22m
[2m7:59:27 PM[22m [36m[1m[vite][22m[39m [90m[2m(client)[22m[39m [33mhmr invalidate [39m[2m/@fs/C:\Users\Huynh Nhu\Downloads\Project\frontend\src\components\admin\AdminDashboardTabContent.tsx[22m Could not Fast Refresh ("buildOverviewStats" export is incompatible). Learn more at https://github.com/vitejs/vite-plugin-react/tree/main/packages/plugin-react#consistent-components-exports
[2m7:59:27 PM[22m [36m[1m[vite][22m[39m [90m[2m(client)[22m[39m [32mhmr update [39m[2m/src/index.css, /src/pages/AdminDashboard.tsx[22m
[2m7:59:32 PM[22m [36m[1m[vite][22m[39m [90m[2m(client)[22m[39m [32mhmr update [39m[2m/@fs/C:\Users\Huynh Nhu\Downloads\Project\frontend\src\components\admin\tabs\AdminServicesTab.tsx, /src/index.css[22m
[2m7:59:36 PM[22m [36m[1m[vite][22m[39m [90m[2m(client)[22m[39m [32mhmr update [39m[2m/@fs/C:\Users\Huynh Nhu\Downloads\Project\frontend\src\components\admin\tabs\AdminReviewsTab.tsx, /src/index.css[22m
[2m7:59:41 PM[22m [36m[1m[vite][22m[39m [90m[2m(client)[22m[39m [32mhmr update [39m[2m/@fs/C:\Users\Huynh Nhu\Downloads\Project\frontend\src\components\admin\tabs\AdminCustomersTab.tsx, /src/index.css[22m
[2m7:59:47 PM[22m [36m[1m[vite][22m[39m [90m[2m(client)[22m[39m [32mhmr update [39m[2m/@fs/C:\Users\Huynh Nhu\Downloads\Project\frontend\src\components\admin\tabs\AdminContentTab.tsx, /src/index.css[22m
[2m7:59:53 PM[22m [36m[1m[vite][22m[39m [90m[2m(client)[22m[39m [32mhmr update [39m[2m/src/index.css, /@fs/C:\Users\Huynh Nhu\Downloads\Project\frontend\src\components\admin\AdminDashboardTabContent.tsx[22m
[2m7:59:53 PM[22m [36m[1m[vite][22m[39m [90m[2m(client)[22m[39m [33mhmr invalidate [39m[2m/@fs/C:\Users\Huynh Nhu\Downloads\Project\frontend\src\components\admin\AdminDashboardTabContent.tsx[22m Could not Fast Refresh ("buildOverviewStats" export is incompatible). Learn more at https://github.com/vitejs/vite-plugin-react/tree/main/packages/plugin-react#consistent-components-exports
[2m7:59:53 PM[22m [36m[1m[vite][22m[39m [90m[2m(client)[22m[39m [32mhmr update [39m[2m/src/index.css, /src/pages/AdminDashboard.tsx[22m
[2m7:59:57 PM[22m [36m[1m[vite][22m[39m [90m[2m(client)[22m[39m [32mhmr update [39m[2m/src/index.css, /@fs/C:\Users\Huynh Nhu\Downloads\Project\frontend\src\components\admin\AdminDashboardTabContent.tsx[22m
[2m7:59:58 PM[22m [36m[1m[vite][22m[39m [90m[2m(client)[22m[39m [33mhmr invalidate [39m[2m/@fs/C:\Users\Huynh Nhu\Downloads\Project\frontend\src\components\admin\AdminDashboardTabContent.tsx[22m Could not Fast Refresh ("buildOverviewStats" export is incompatible). Learn more at https://github.com/vitejs/vite-plugin-react/tree/main/packages/plugin-react#consistent-components-exports
[2m7:59:58 PM[22m [36m[1m[vite][22m[39m [90m[2m(client)[22m[39m [32mhmr update [39m[2m/src/index.css, /src/pages/AdminDashboard.tsx[22m
[2m8:06:32 PM[22m [36m[1m[vite][22m[39m [90m[2m(client)[22m[39m [32mpage reload [39m[2mextract.py[22m
[2m8:06:32 PM[22m [36m[1m[vite][22m[39m [90m[2m(client)[22m[39m [32mpage reload [39m[2mrefactor.py[22m
[2m8:06:32 PM[22m [36m[1m[vite][22m[39m [90m[2m(client)[22m[39m [32mpage reload [39m[2mrefactor.js[22m
[2m8:06:32 PM[22m [36m[1m[vite][22m[39m [90m[2m(client)[22m[39m [32mpage reload [39m[2mrefactor_hooks.py[22m
[2m8:06:35 PM[22m [36m[1m[vite][22m[39m [90m[2m(client)[22m[39m [32mpage reload [39m[2msrc/components/admin/AdminDashboardConfig.ts[22m
[2m8:06:35 PM[22m [36m[1m[vite][22m[39m [90m[2m(client)[22m[39m [32mhmr update [39m[2m/@fs/C:\Users\Huynh Nhu\Downloads\Project\frontend\src\components\admin\AdminDashboardParts.tsx, /src/index.css[22m
[2m8:06:35 PM[22m [36m[1m[vite][22m[39m [90m[2m(client)[22m[39m [32mhmr update [39m[2m/@fs/C:\Users\Huynh Nhu\Downloads\Project\frontend\src\components\admin\AdminDashboardTabContent.tsx, /src/index.css[22m
[2m8:06:35 PM[22m [36m[1m[vite][22m[39m [90m[2m(client)[22m[39m [32mpage reload [39m[2msrc/components/admin/AdminSidebar.tsx[22m
[2m8:06:35 PM[22m [36m[1m[vite][22m[39m [90m[2m(client)[22m[39m [32mpage reload [39m[2msrc/components/admin/hooks/useAdminBrandsLogic.ts[22m
[2m8:06:35 PM[22m [36m[1m[vite][22m[39m [90m[2m(client)[22m[39m [32mpage reload [39m[2msrc/components/admin/hooks/useAdminCategoriesLogic.ts[22m
[2m8:06:35 PM[22m [36m[1m[vite][22m[39m [90m[2m(client)[22m[39m [32mpage reload [39m[2msrc/components/admin/hooks/useAdminContentLogic.ts[22m
[2m8:06:35 PM[22m [36m[1m[vite][22m[39m [90m[2m(client)[22m[39m [32mpage reload [39m[2msrc/components/admin/hooks/useAdminCustomersLogic.ts[22m
[2m8:06:35 PM[22m [36m[1m[vite][22m[39m [90m[2m(client)[22m[39m [32mpage reload [39m[2msrc/components/admin/hooks/useAdminInventoryLogic.ts[22m
[2m8:06:35 PM[22m [36m[1m[vite][22m[39m [90m[2m(client)[22m[39m [32mhmr update [39m[2m/src/index.css, /src/pages/AdminDashboard.tsx[22m
[2m8:06:35 PM[22m [36m[1m[vite][22m[39m [90m[2m(client)[22m[39m [32mpage reload [39m[2msrc/components/admin/hooks/useAdminOrdersLogic.ts[22m
[2m8:06:35 PM[22m [36m[1m[vite][22m[39m [90m[2m(client)[22m[39m [32mpage reload [39m[2msrc/components/admin/hooks/useAdminPermissionsLogic.ts[22m
[2m8:06:35 PM[22m [36m[1m[vite][22m[39m [90m[2m(client)[22m[39m [32mpage reload [39m[2msrc/components/admin/hooks/useAdminProductsLogic.ts[22m
[2m8:06:35 PM[22m [36m[1m[vite][22m[39m [90m[2m(client)[22m[39m [32mpage reload [39m[2msrc/components/admin/hooks/useAdminReviewsLogic.ts[22m
[2m8:06:35 PM[22m [36m[1m[vite][22m[39m [90m[2m(client)[22m[39m [32mpage reload [39m[2msrc/components/admin/hooks/useAdminServicesLogic.ts[22m
[2m8:06:35 PM[22m [36m[1m[vite][22m[39m [90m[2m(client)[22m[39m [32mpage reload [39m[2msrc/components/admin/hooks/useAdminVouchersLogic.ts[22m
[2m8:06:35 PM[22m [36m[1m[vite][22m[39m [90m[2m(client)[22m[39m [32mhmr update [39m[2m/src/index.css, /src/pages/AdminDashboard.tsx[22m
[2m8:06:35 PM[22m [36m[1m[vite][22m[39m [90m[2m(client)[22m[39m [32mhmr update [39m[2m/@fs/C:\Users\Huynh Nhu\Downloads\Project\frontend\src\components\admin\modals\ProductPreviewModal.tsx, /src/index.css[22m
[2m8:06:35 PM[22m [36m[1m[vite][22m[39m [90m[2m(client)[22m[39m [32mpage reload [39m[2msrc/components/admin/tabs/AdminAuditTab.tsx[22m
[2m8:06:35 PM[22m [36m[1m[vite][22m[39m [90m[2m(client)[22m[39m [32mhmr update [39m[2m/@fs/C:\Users\Huynh Nhu\Downloads\Project\frontend\src\components\admin\tabs\AdminBrandsTab.tsx, /src/index.css[22m
[2m8:06:35 PM[22m [36m[1m[vite][22m[39m [90m[2m(client)[22m[39m [32mhmr update [39m[2m/@fs/C:\Users\Huynh Nhu\Downloads\Project\frontend\src\components\admin\tabs\AdminCategoriesTab.tsx, /src/index.css[22m
[2m8:06:35 PM[22m [36m[1m[vite][22m[39m [90m[2m(client)[22m[39m [32mhmr update [39m[2m/@fs/C:\Users\Huynh Nhu\Downloads\Project\frontend\src\components\admin\tabs\AdminContentTab.tsx, /src/index.css[22m
[2m8:06:35 PM[22m [36m[1m[vite][22m[39m [90m[2m(client)[22m[39m [32mhmr update [39m[2m/@fs/C:\Users\Huynh Nhu\Downloads\Project\frontend\src\components\admin\tabs\AdminCustomersTab.tsx, /src/index.css[22m
[2m8:06:35 PM[22m [36m[1m[vite][22m[39m [90m[2m(client)[22m[39m [32mhmr update [39m[2m/@fs/C:\Users\Huynh Nhu\Downloads\Project\frontend\src\components\admin\tabs\AdminInventoryTab.tsx, /src/index.css[22m
[2m8:06:35 PM[22m [36m[1m[vite][22m[39m [90m[2m(client)[22m[39m [32mpage reload [39m[2msrc/components/admin/tabs/AdminOrdersTab.tsx[22m
[2m8:06:35 PM[22m [36m[1m[vite][22m[39m [90m[2m(client)[22m[39m [32mhmr update [39m[2m/@fs/C:\Users\Huynh Nhu\Downloads\Project\frontend\src\components\admin\tabs\AdminOverviewTab.tsx, /src/index.css[22m
[2m8:06:35 PM[22m [36m[1m[vite][22m[39m [90m[2m(client)[22m[39m [32mhmr update [39m[2m/@fs/C:\Users\Huynh Nhu\Downloads\Project\frontend\src\components\admin\tabs\AdminPermissionsTab.tsx, /src/index.css[22m
[2m8:06:35 PM[22m [36m[1m[vite][22m[39m [90m[2m(client)[22m[39m [32mhmr update [39m[2m/@fs/C:\Users\Huynh Nhu\Downloads\Project\frontend\src\components\admin\tabs\AdminProductsTab.tsx, /src/index.css[22m
[2m8:06:35 PM[22m [36m[1m[vite][22m[39m [90m[2m(client)[22m[39m [32mhmr update [39m[2m/@fs/C:\Users\Huynh Nhu\Downloads\Project\frontend\src\components\admin\tabs\AdminReviewsTab.tsx, /src/index.css[22m
[2m8:06:35 PM[22m [36m[1m[vite][22m[39m [90m[2m(client)[22m[39m [32mhmr update [39m[2m/@fs/C:\Users\Huynh Nhu\Downloads\Project\frontend\src\components\admin\tabs\AdminServicesTab.tsx, /src/index.css[22m
[2m8:06:35 PM[22m [36m[1m[vite][22m[39m [90m[2m(client)[22m[39m [32mpage reload [39m[2msrc/components/admin/tabs/AdminVouchersTab.tsx[22m
[2m8:06:35 PM[22m [36m[1m[vite][22m[39m [90m[2m(client)[22m[39m [32mpage reload [39m[2msrc/hooks/useViewTracker.ts[22m
[2m8:06:35 PM[22m [36m[1m[vite][22m[39m [90m[2m(client)[22m[39m [32mhmr update [39m[2m/src/index.css, /src/pages/AdminDashboard.tsx[22m
[2m8:06:35 PM[22m [36m[1m[vite][22m[39m [90m[2m(client)[22m[39m [32mpage reload [39m[2msrc/pages/adminDashboardCsv.ts[22m
[2m8:06:35 PM[22m [36m[1m[vite][22m[39m [90m[2m(client)[22m[39m [32mpage reload [39m[2msrc/pages/adminDashboardPrint.ts[22m
[2m8:06:49 PM[22m [36m[1m[vite][22m[39m [90m[2m(client)[22m[39m [32mpage reload [39m[2mpackage.json[22m
[2m8:06:49 PM[22m [36m[1m[vite][22m[39m [90m[2m(client)[22m[39m [32mhmr update [39m[2m/src/App.tsx, /src/index.css[22m
[2m8:06:49 PM[22m [36m[1m[vite][22m[39m [90m[2m(client)[22m[39m [32mhmr update [39m[2m/src/index.css, /@fs/C:\Users\Huynh Nhu\Downloads\Project\frontend\src\components\admin\AdminEnterpriseShell.tsx[22m
[2m8:06:49 PM[22m [36m[1m[vite][22m[39m [90m[2m(client)[22m[39m [32mhmr update [39m[2m/@fs/C:\Users\Huynh Nhu\Downloads\Project\frontend\src\components\admin\AdminEnterpriseShell.tsx, /src/index.css[22m
[2m8:06:49 PM[22m [36m[1m[vite][22m[39m [90m[2m(client)[22m[39m [32mhmr update [39m[2m/@fs/C:\Users\Huynh Nhu\Downloads\Project\frontend\src\components\home\FlashSale.tsx, /src/index.css[22m
[2m8:06:49 PM[22m [36m[1m[vite][22m[39m [90m[2m(client)[22m[39m [32mhmr update [39m[2m/src/components/layout/Footer.tsx, /src/index.css[22m
[2m8:06:49 PM[22m [36m[1m[vite][22m[39m [90m[2m(client)[22m[39m [32mpage reload [39m[2msrc/components/product/ProductDetail.tsx[22m
[2m8:06:49 PM[22m [36m[1m[vite][22m[39m [90m[2m(client)[22m[39m [32mpage reload [39m[2msrc/components/video/ImagesModal.tsx[22m
[2m8:06:49 PM[22m [36m[1m[vite][22m[39m [90m[2m(client)[22m[39m [32mhmr update [39m[2m/src/index.css[22m
[2m8:06:49 PM[22m [36m[1m[vite][22m[39m [90m[2m(client)[22m[39m [32mpage reload [39m[2msrc/main.tsx[22m
[2m8:06:49 PM[22m [36m[1m[vite][22m[39m [90m[2m(client)[22m[39m [32mhmr update [39m[2m/src/components/layout/NotificationDropdown.tsx, /src/index.css[22m
[2m8:06:49 PM[22m [36m[1m[vite][22m[39m [90m[2m(client)[22m[39m [32mhmr update [39m[2m/@fs/C:\Users\Huynh Nhu\Downloads\Project\frontend\src\components\layout\SearchBar.tsx, /src/index.css[22m
[2m8:06:49 PM[22m [36m[1m[vite][22m[39m [90m[2m(client)[22m[39m [32mpage reload [39m[2msrc/components/product/SuggestedProducts.tsx[22m
[2m8:06:49 PM[22m [36m[1m[vite][22m[39m [90m[2m(client)[22m[39m [32mpage reload [39m[2msrc/components/video/ReelsModal.tsx[22m
[2m8:06:49 PM[22m [36m[1m[vite][22m[39m [90m[2m(client)[22m[39m [32mhmr update [39m[2m/src/components/layout/NotificationDropdown.tsx, /src/index.css, /src/components/layout/CategoryMegaMenu.tsx, /@fs/C:\Users\Huynh Nhu\Downloads\Project\frontend\src\components\layout\SearchBar.tsx, /src/pages/HomePage.tsx, /@fs/C:\Users\Huynh Nhu\Downloads\Project\frontend\src\components\home\FlashSale.tsx[22m
[2m8:06:49 PM[22m [36m[1m[vite][22m[39m [32mvite.config.ts changed, restarting server...[39m
[2m8:06:49 PM[22m [36m[1m[vite][22m[39m [90m[2m(client)[22m[39m [32mhmr update [39m[2m/src/App.tsx, /src/index.css[22m
[2m8:06:49 PM[22m [36m[1m[vite][22m[39m [90m[2m(client)[22m[39m [32mhmr update [39m[2m/src/pages/HomePage.tsx, /src/index.css[22m
[2m8:06:50 PM[22m [36m[1m[vite][22m[39m server restarted.
[2m8:07:45 PM[22m [36m[1m[vite][22m[39m [32mvite.config.ts changed, restarting server...[39m
[2m8:07:45 PM[22m [36m[1m[vite][22m[39m server restarted.
[2m9:12:27 PM[22m [36m[1m[vite][22m[39m [90m[2m(client)[22m[39m [32mhmr update [39m[2m/src/index.css, /src/pages/AdminDashboard.tsx[22m
[2m9:12:32 PM[22m [36m[1m[vite][22m[39m [90m[2m(client)[22m[39m [32mhmr update [39m[2m/@fs/C:\Users\Huynh Nhu\Downloads\Project\frontend\src\components\admin\tabs\AdminProductsTab.tsx, /src/index.css[22m
[2m9:38:53 PM[22m [36m[1m[vite][22m[39m [90m[2m(client)[22m[39m [32mhmr update [39m[2m/src/index.css, /@fs/C:\Users\Huynh Nhu\Downloads\Project\frontend\src\components\layout\NotificationDropdown.tsx, /@fs/C:\Users\Huynh Nhu\Downloads\Project\frontend\src\components\layout\CategoryMegaMenu.tsx, /@fs/C:\Users\Huynh Nhu\Downloads\Project\frontend\src\components\layout\SearchBar.tsx, /src/pages/AdminDashboard.tsx, /@fs/C:\Users\Huynh Nhu\Downloads\Project\frontend\src\components\admin\tabs\AdminProductsTab.tsx[22m
[2m9:38:59 PM[22m [36m[1m[vite][22m[39m [90m[2m(client)[22m[39m [32mhmr update [39m[2m/src/index.css, /@fs/C:\Users\Huynh Nhu\Downloads\Project\frontend\src\components\layout\NotificationDropdown.tsx, /@fs/C:\Users\Huynh Nhu\Downloads\Project\frontend\src\components\layout\CategoryMegaMenu.tsx, /@fs/C:\Users\Huynh Nhu\Downloads\Project\frontend\src\components\layout\SearchBar.tsx, /src/pages/AdminDashboard.tsx, /@fs/C:\Users\Huynh Nhu\Downloads\Project\frontend\src\components\admin\tabs\AdminProductsTab.tsx[22m
[2m9:41:33 PM[22m [36m[1m[vite][22m[39m [90m[2m(client)[22m[39m [32mhmr update [39m[2m/src/index.css, /@fs/C:\Users\Huynh Nhu\Downloads\Project\frontend\src\components\layout\NotificationDropdown.tsx, /@fs/C:\Users\Huynh Nhu\Downloads\Project\frontend\src\components\layout\CategoryMegaMenu.tsx, /@fs/C:\Users\Huynh Nhu\Downloads\Project\frontend\src\components\layout\SearchBar.tsx, /src/pages/AdminDashboard.tsx, /@fs/C:\Users\Huynh Nhu\Downloads\Project\frontend\src\components\admin\tabs\AdminProductsTab.tsx[22m
[2m9:41:33 PM[22m [36m[1m[vite][22m[39m [90m[2m(client)[22m[39m [32mhmr update [39m[2m/src/index.css, /@fs/C:\Users\Huynh Nhu\Downloads\Project\frontend\src\components\layout\NotificationDropdown.tsx, /@fs/C:\Users\Huynh Nhu\Downloads\Project\frontend\src\components\layout\CategoryMegaMenu.tsx, /@fs/C:\Users\Huynh Nhu\Downloads\Project\frontend\src\components\layout\SearchBar.tsx, /src/pages/AdminDashboard.tsx, /@fs/C:\Users\Huynh Nhu\Downloads\Project\frontend\src\components\admin\tabs\AdminProductsTab.tsx[22m
[2m9:45:53 PM[22m [36m[1m[vite][22m[39m [90m[2m(client)[22m[39m [32mhmr update [39m[2m/@fs/C:\Users\Huynh Nhu\Downloads\Project\frontend\src\components\admin\AdminDashboardParts.tsx, /src/index.css[22m
[2m9:45:55 PM[22m [36m[1m[vite][22m[39m [90m[2m(client)[22m[39m [32mhmr update [39m[2m/src/index.css, /src/pages/AdminDashboard.tsx[22m
[2m9:46:12 PM[22m [36m[1m[vite][22m[39m [90m[2m(client)[22m[39m [32mhmr update [39m[2m/src/index.css, /src/pages/AdminDashboard.tsx[22m
[2m9:46:18 PM[22m [36m[1m[vite][22m[39m [90m[2m(client)[22m[39m [32mhmr update [39m[2m/src/index.css, /src/pages/AdminDashboard.tsx[22m
[2m10:04:26 PM[22m [36m[1m[vite][22m[39m [90m[2m(client)[22m[39m [32mhmr update [39m[2m/src/index.css, /src/pages/AdminDashboard.tsx[22m
[2m10:04:31 PM[22m [36m[1m[vite][22m[39m [90m[2m(client)[22m[39m [32mhmr update [39m[2m/src/index.css, /src/pages/AdminDashboard.tsx[22m
[2m10:05:08 PM[22m [36m[1m[vite][22m[39m [90m[2m(client)[22m[39m [32mhmr update [39m[2m/src/index.css, /src/pages/AdminDashboard.tsx[22m
[2m10:05:12 PM[22m [36m[1m[vite][22m[39m [90m[2m(client)[22m[39m [32mhmr update [39m[2m/src/index.css, /src/pages/AdminDashboard.tsx[22m
[2m10:09:33 PM[22m [36m[1m[vite][22m[39m [90m[2m(client)[22m[39m [32mhmr update [39m[2m/@fs/C:\Users\Huynh Nhu\Downloads\Project\frontend\src\components\admin\AdminDashboardParts.tsx, /src/index.css[22m
[2m10:11:01 PM[22m [36m[1m[vite][22m[39m [90m[2m(client)[22m[39m [32mhmr update [39m[2m/@fs/C:\Users\Huynh Nhu\Downloads\Project\frontend\src\components\admin\AdminDashboardParts.tsx, /src/index.css[22m
[2m10:11:08 PM[22m [36m[1m[vite][22m[39m [90m[2m(client)[22m[39m [32mhmr update [39m[2m/@fs/C:\Users\Huynh Nhu\Downloads\Project\frontend\src\components\admin\AdminDashboardParts.tsx, /src/index.css[22m
[2m10:11:15 PM[22m [36m[1m[vite][22m[39m [90m[2m(client)[22m[39m [32mhmr update [39m[2m/@fs/C:\Users\Huynh Nhu\Downloads\Project\frontend\src\components\admin\AdminDashboardParts.tsx, /src/index.css[22m
[2m10:11:22 PM[22m [36m[1m[vite][22m[39m [90m[2m(client)[22m[39m [32mhmr update [39m[2m/@fs/C:\Users\Huynh Nhu\Downloads\Project\frontend\src\components\admin\tabs\AdminProductsTab.tsx, /src/index.css[22m
[2m10:11:30 PM[22m [36m[1m[vite][22m[39m [90m[2m(client)[22m[39m [32mhmr update [39m[2m/src/index.css, /@fs/C:\Users\Huynh Nhu\Downloads\Project\frontend\src\components\admin\AdminDashboardTabContent.tsx[22m
[2m10:11:30 PM[22m [36m[1m[vite][22m[39m [90m[2m(client)[22m[39m [33mhmr invalidate [39m[2m/@fs/C:\Users\Huynh Nhu\Downloads\Project\frontend\src\components\admin\AdminDashboardTabContent.tsx[22m Could not Fast Refresh ("buildOverviewStats" export is incompatible). Learn more at https://github.com/vitejs/vite-plugin-react/tree/main/packages/plugin-react#consistent-components-exports
[2m10:11:30 PM[22m [36m[1m[vite][22m[39m [90m[2m(client)[22m[39m [32mhmr update [39m[2m/src/index.css, /src/pages/AdminDashboard.tsx[22m
[2m10:11:35 PM[22m [36m[1m[vite][22m[39m [90m[2m(client)[22m[39m [32mhmr update [39m[2m/src/index.css, /@fs/C:\Users\Huynh Nhu\Downloads\Project\frontend\src\components\admin\AdminDashboardTabContent.tsx[22m
[2m10:11:36 PM[22m [36m[1m[vite][22m[39m [90m[2m(client)[22m[39m [33mhmr invalidate [39m[2m/@fs/C:\Users\Huynh Nhu\Downloads\Project\frontend\src\components\admin\AdminDashboardTabContent.tsx[22m Could not Fast Refresh ("buildOverviewStats" export is incompatible). Learn more at https://github.com/vitejs/vite-plugin-react/tree/main/packages/plugin-react#consistent-components-exports
[2m10:11:36 PM[22m [36m[1m[vite][22m[39m [90m[2m(client)[22m[39m [32mhmr update [39m[2m/src/index.css, /src/pages/AdminDashboard.tsx[22m
[2m10:15:52 PM[22m [36m[1m[vite][22m[39m [90m[2m(client)[22m[39m [32mhmr update [39m[2m/src/pages/RankingsPage.tsx, /src/index.css[22m
[2m10:15:55 PM[22m [36m[1m[vite][22m[39m [90m[2m(client)[22m[39m [32mhmr update [39m[2m/src/pages/RankingsPage.tsx, /src/index.css[22m
[2m10:16:01 PM[22m [36m[1m[vite][22m[39m [90m[2m(client)[22m[39m [32mhmr update [39m[2m/src/pages/RankingsPage.tsx, /src/index.css[22m
[2m10:16:09 PM[22m [36m[1m[vite][22m[39m [90m[2m(client)[22m[39m [32mhmr update [39m[2m/src/pages/RankingsPage.tsx, /src/index.css[22m
[2m10:16:24 PM[22m [36m[1m[vite][22m[39m [90m[2m(client)[22m[39m [32mhmr update [39m[2m/src/pages/RankingsPage.tsx, /src/index.css[22m
[2m10:16:32 PM[22m [36m[1m[vite][22m[39m [90m[2m(client)[22m[39m [32mhmr update [39m[2m/src/pages/RankingsPage.tsx, /src/index.css[22m
[2m10:16:40 PM[22m [36m[1m[vite][22m[39m [90m[2m(client)[22m[39m [32mhmr update [39m[2m/src/pages/RankingsPage.tsx, /src/index.css[22m
[2m10:16:46 PM[22m [36m[1m[vite][22m[39m [90m[2m(client)[22m[39m [32mhmr update [39m[2m/src/pages/RankingsPage.tsx, /src/index.css[22m
[2m10:30:10 PM[22m [36m[1m[vite][22m[39m [90m[2m(client)[22m[39m [32mhmr update [39m[2m/src/pages/RankingsPage.tsx, /src/index.css[22m
[2m6:28:27 PM[22m [36m[1m[vite][22m[39m [90m[2m(client)[22m[39m [32mhmr update [39m[2m/src/index.css, /src/pages/AdminDashboard.tsx[22m
[2m6:28:34 PM[22m [36m[1m[vite][22m[39m [90m[2m(client)[22m[39m [32mhmr update [39m[2m/src/index.css, /src/pages/AdminDashboard.tsx[22m
[2m6:28:41 PM[22m [36m[1m[vite][22m[39m [90m[2m(client)[22m[39m [32mhmr update [39m[2m/src/index.css, /src/pages/AdminDashboard.tsx[22m
[2m6:28:48 PM[22m [36m[1m[vite][22m[39m [90m[2m(client)[22m[39m [32mhmr update [39m[2m/src/index.css, /src/pages/AdminDashboard.tsx[22m
[2m6:28:53 PM[22m [36m[1m[vite][22m[39m [90m[2m(client)[22m[39m [32mhmr update [39m[2m/src/index.css, /src/pages/AdminDashboard.tsx[22m
[2m6:29:24 PM[22m [36m[1m[vite][22m[39m [90m[2m(client)[22m[39m [32mhmr update [39m[2m/@fs/C:\Users\Huynh Nhu\Downloads\Project\frontend\src\components\admin\tabs\AdminProductsTab.tsx, /src/index.css[22m
[2m6:29:30 PM[22m [36m[1m[vite][22m[39m [90m[2m(client)[22m[39m [32mhmr update [39m[2m/@fs/C:\Users\Huynh Nhu\Downloads\Project\frontend\src\components\admin\tabs\AdminCategoriesTab.tsx, /src/index.css[22m
[2m6:29:36 PM[22m [36m[1m[vite][22m[39m [90m[2m(client)[22m[39m [32mhmr update [39m[2m/@fs/C:\Users\Huynh Nhu\Downloads\Project\frontend\src\components\admin\tabs\AdminBrandsTab.tsx, /src/index.css[22m
[2m6:29:42 PM[22m [36m[1m[vite][22m[39m [90m[2m(client)[22m[39m [32mhmr update [39m[2m/src/index.css, /@fs/C:\Users\Huynh Nhu\Downloads\Project\frontend\src\components\admin\AdminDashboardTabContent.tsx[22m
[2m6:29:42 PM[22m [36m[1m[vite][22m[39m [90m[2m(client)[22m[39m [33mhmr invalidate [39m[2m/@fs/C:\Users\Huynh Nhu\Downloads\Project\frontend\src\components\admin\AdminDashboardTabContent.tsx[22m Could not Fast Refresh ("buildOverviewStats" export is incompatible). Learn more at https://github.com/vitejs/vite-plugin-react/tree/main/packages/plugin-react#consistent-components-exports
[2m6:29:42 PM[22m [36m[1m[vite][22m[39m [90m[2m(client)[22m[39m [32mhmr update [39m[2m/src/index.css, /src/pages/AdminDashboard.tsx[22m
[2m6:39:06 PM[22m [36m[1m[vite][22m[39m [90m[2m(client)[22m[39m [32mhmr update [39m[2m/src/index.css, /src/pages/AdminDashboard.tsx, /@fs/C:\Users\Huynh Nhu\Downloads\Project\frontend\src\components\admin\AdminDashboardTabContent.tsx, /@fs/C:\Users\Huynh Nhu\Downloads\Project\frontend\src\components\admin\tabs\AdminBrandsTab.tsx, /@fs/C:\Users\Huynh Nhu\Downloads\Project\frontend\src\components\admin\tabs\AdminAuditTab.tsx, /@fs/C:\Users\Huynh Nhu\Downloads\Project\frontend\src\components\admin\tabs\AdminContentTab.tsx[22m
[2m6:39:06 PM[22m [36m[1m[vite][22m[39m [90m[2m(client)[22m[39m [32mhmr update [39m[2m/src/index.css, /src/pages/AdminDashboard.tsx[22m
[2m6:39:07 PM[22m [36m[1m[vite][22m[39m [90m[2m(client)[22m[39m [33mhmr invalidate [39m[2m/@fs/C:\Users\Huynh Nhu\Downloads\Project\frontend\src\components\admin\AdminDashboardTabContent.tsx[22m Could not Fast Refresh ("buildOverviewStats" export is incompatible). Learn more at https://github.com/vitejs/vite-plugin-react/tree/main/packages/plugin-react#consistent-components-exports
[2m6:39:07 PM[22m [36m[1m[vite][22m[39m [90m[2m(client)[22m[39m [32mhmr update [39m[2m/src/index.css, /src/pages/AdminDashboard.tsx[22m
[2m6:39:35 PM[22m [36m[1m[vite][22m[39m [90m[2m(client)[22m[39m [32mhmr update [39m[2m/@fs/C:\Users\Huynh Nhu\Downloads\Project\frontend\src\components\admin\tabs\AdminProductsTab.tsx, /src/index.css[22m
[2m6:40:03 PM[22m [36m[1m[vite][22m[39m [90m[2m(client)[22m[39m [32mhmr update [39m[2m/@fs/C:\Users\Huynh Nhu\Downloads\Project\frontend\src\components\admin\tabs\AdminProductsTab.tsx, /src/index.css[22m
[2m6:40:18 PM[22m [36m[1m[vite][22m[39m [90m[2m(client)[22m[39m [32mhmr update [39m[2m/src/index.css, /@fs/C:\Users\Huynh Nhu\Downloads\Project\frontend\src\components\layout\NotificationDropdown.tsx, /@fs/C:\Users\Huynh Nhu\Downloads\Project\frontend\src\components\layout\CategoryMegaMenu.tsx, /@fs/C:\Users\Huynh Nhu\Downloads\Project\frontend\src\components\layout\SearchBar.tsx, /src/pages/ProductListPage.tsx, /src/pages/AdminDashboard.tsx, /@fs/C:\Users\Huynh Nhu\Downloads\Project\frontend\src\components\admin\tabs\AdminProductsTab.tsx, /src/pages/HomePage.tsx, /@fs/C:\Users\Huynh Nhu\Downloads\Project\frontend\src\components\home\FlashSale.tsx, /src/pages/ImagesPage.tsx, /@fs/C:\Users\Huynh Nhu\Downloads\Project\frontend\src\components\video\ImagesModal.tsx, /src/pages/RankingsPage.tsx, /src/pages/ProductPage.tsx, /@fs/C:\Users\Huynh Nhu\Downloads\Project\frontend\src\components\product\ProductDetail.tsx, /@fs/C:\Users\Huynh Nhu\Downloads\Project\frontend\src\components\product\ProductReviews.tsx, /@fs/C:\Users\Huynh Nhu\Downloads\Project\frontend\src\components\product\SuggestedProducts.tsx, /src/pages/VideoPage.tsx, /@fs/C:\Users\Huynh Nhu\Downloads\Project\frontend\src\components\video\ReelsModal.tsx, /src/pages/DashboardPage.tsx[22m
[2m6:41:12 PM[22m [36m[1m[vite][22m[39m [90m[2m(client)[22m[39m [32mhmr update [39m[2m/@fs/C:\Users\Huynh Nhu\Downloads\Project\frontend\src\components\product\ProductDetail.tsx, /src/index.css[22m
[2m7:00:17 PM[22m [36m[1m[vite][22m[39m [90m[2m(client)[22m[39m [32mhmr update [39m[2m/@fs/C:\Users\Huynh Nhu\Downloads\Project\frontend\src\components\product\ProductDetail.tsx, /src/index.css[22m
[2m7:00:21 PM[22m [36m[1m[vite][22m[39m [90m[2m(client)[22m[39m [32mhmr update [39m[2m/src/index.css[22m
[2m7:07:06 PM[22m [36m[1m[vite][22m[39m [90m[2m(client)[22m[39m [32mhmr update [39m[2m/@fs/C:\Users\Huynh Nhu\Downloads\Project\frontend\src\components\product\ProductDetail.tsx, /src/index.css[22m
[2m7:07:42 PM[22m [36m[1m[vite][22m[39m [90m[2m(client)[22m[39m [32mhmr update [39m[2m/@fs/C:\Users\Huynh Nhu\Downloads\Project\frontend\src\components\product\ProductDetail.tsx, /src/index.css[22m
[2m7:07:45 PM[22m [36m[1m[vite][22m[39m [90m[2m(client)[22m[39m [32mhmr update [39m[2m/@fs/C:\Users\Huynh Nhu\Downloads\Project\frontend\src\components\product\ProductDetail.tsx, /src/index.css[22m
[2m7:07:56 PM[22m [36m[1m[vite][22m[39m [90m[2m(client)[22m[39m [32mhmr update [39m[2m/@fs/C:\Users\Huynh Nhu\Downloads\Project\frontend\src\components\product\ProductDetail.tsx, /src/index.css[22m
[2m7:08:06 PM[22m [36m[1m[vite][22m[39m [90m[2m(client)[22m[39m [32mhmr update [39m[2m/@fs/C:\Users\Huynh Nhu\Downloads\Project\frontend\src\components\product\ProductDetail.tsx, /src/index.css[22m
[2m7:08:10 PM[22m [36m[1m[vite][22m[39m [90m[2m(client)[22m[39m [32mhmr update [39m[2m/src/index.css[22m
[2m7:10:08 PM[22m [36m[1m[vite][22m[39m [90m[2m(client)[22m[39m [32mhmr update [39m[2m/@fs/C:\Users\Huynh Nhu\Downloads\Project\frontend\src\components\product\ProductDetail.tsx, /src/index.css[22m
[2m7:10:11 PM[22m [36m[1m[vite][22m[39m [90m[2m(client)[22m[39m [32mhmr update [39m[2m/@fs/C:\Users\Huynh Nhu\Downloads\Project\frontend\src\components\product\ProductDetail.tsx, /src/index.css[22m
[2m7:11:11 PM[22m [36m[1m[vite][22m[39m [90m[2m(client)[22m[39m [32mhmr update [39m[2m/@fs/C:\Users\Huynh Nhu\Downloads\Project\frontend\src\components\product\ProductDetail.tsx, /src/index.css[22m
[2m7:11:38 PM[22m [36m[1m[vite][22m[39m [90m[2m(client)[22m[39m [32mhmr update [39m[2m/@fs/C:\Users\Huynh Nhu\Downloads\Project\frontend\src\components\product\ProductDetail.tsx, /src/index.css[22m
[2m7:12:46 PM[22m [36m[1m[vite][22m[39m [90m[2m(client)[22m[39m [32mhmr update [39m[2m/@fs/C:\Users\Huynh Nhu\Downloads\Project\frontend\src\components\product\ProductDetail.tsx, /src/index.css[22m
[2m7:13:00 PM[22m [36m[1m[vite][22m[39m [90m[2m(client)[22m[39m [32mhmr update [39m[2m/@fs/C:\Users\Huynh Nhu\Downloads\Project\frontend\src\components\product\ProductDetail.tsx, /src/index.css[22m
[2m7:15:56 PM[22m [36m[1m[vite][22m[39m [90m[2m(client)[22m[39m [32mhmr update [39m[2m/@fs/C:\Users\Huynh Nhu\Downloads\Project\frontend\src\components\product\ProductDetail.tsx, /src/index.css[22m
[2m7:16:00 PM[22m [36m[1m[vite][22m[39m [90m[2m(client)[22m[39m [32mhmr update [39m[2m/@fs/C:\Users\Huynh Nhu\Downloads\Project\frontend\src\components\product\ProductDetail.tsx, /src/index.css[22m
[2m7:16:05 PM[22m [36m[1m[vite][22m[39m [90m[2m(client)[22m[39m [32mhmr update [39m[2m/@fs/C:\Users\Huynh Nhu\Downloads\Project\frontend\src\components\product\ProductDetail.tsx, /src/index.css[22m
[2m7:16:26 PM[22m [36m[1m[vite][22m[39m [90m[2m(client)[22m[39m [32mhmr update [39m[2m/@fs/C:\Users\Huynh Nhu\Downloads\Project\frontend\src\components\product\ProductDetail.tsx, /src/index.css[22m
[2m7:44:38 PM[22m [36m[1m[vite][22m[39m [90m[2m(client)[22m[39m [32mhmr update [39m[2m/@fs/C:\Users\Huynh Nhu\Downloads\Project\frontend\src\components\product\ProductDetail.tsx, /src/index.css[22m
[2m7:44:44 PM[22m [36m[1m[vite][22m[39m [90m[2m(client)[22m[39m [32mhmr update [39m[2m/@fs/C:\Users\Huynh Nhu\Downloads\Project\frontend\src\components\product\ProductDetail.tsx, /src/index.css[22m
[2m7:45:31 PM[22m [36m[1m[vite][22m[39m [90m[2m(client)[22m[39m [32mhmr update [39m[2m/@fs/C:\Users\Huynh Nhu\Downloads\Project\frontend\src\components\product\ProductDetail.tsx, /src/index.css[22m
[2m7:45:54 PM[22m [36m[1m[vite][22m[39m [90m[2m(client)[22m[39m [32mhmr update [39m[2m/@fs/C:\Users\Huynh Nhu\Downloads\Project\frontend\src\components\product\ProductDetail.tsx, /src/index.css[22m
[2m7:46:09 PM[22m [36m[1m[vite][22m[39m [90m[2m(client)[22m[39m [32mhmr update [39m[2m/@fs/C:\Users\Huynh Nhu\Downloads\Project\frontend\src\components\product\ProductDetail.tsx, /src/index.css[22m
[2m7:46:28 PM[22m [36m[1m[vite][22m[39m [90m[2m(client)[22m[39m [32mhmr update [39m[2m/@fs/C:\Users\Huynh Nhu\Downloads\Project\frontend\src\components\product\ProductDetail.tsx, /src/index.css[22m
[2m7:48:21 PM[22m [36m[1m[vite][22m[39m [90m[2m(client)[22m[39m [32mhmr update [39m[2m/@fs/C:\Users\Huynh Nhu\Downloads\Project\frontend\src\components\product\ProductDetail.tsx, /src/index.css[22m
[2m7:48:25 PM[22m [36m[1m[vite][22m[39m [90m[2m(client)[22m[39m [32mhmr update [39m[2m/@fs/C:\Users\Huynh Nhu\Downloads\Project\frontend\src\components\product\ProductDetail.tsx, /src/index.css[22m
[2m7:59:35 PM[22m [36m[1m[vite][22m[39m [90m[2m(client)[22m[39m [32mhmr update [39m[2m/@fs/C:\Users\Huynh Nhu\Downloads\Project\frontend\src\components\product\ProductDetail.tsx, /src/index.css[22m
[2m8:00:50 PM[22m [36m[1m[vite][22m[39m [90m[2m(client)[22m[39m [32mhmr update [39m[2m/@fs/C:\Users\Huynh Nhu\Downloads\Project\frontend\src\components\product\ProductDetail.tsx, /src/index.css[22m
[2m8:13:22 PM[22m [36m[1m[vite][22m[39m [90m[2m(client)[22m[39m [32mhmr update [39m[2m/@fs/C:\Users\Huynh Nhu\Downloads\Project\frontend\src\components\product\ProductDetail.tsx, /src/index.css[22m
[2m10:51:27 PM[22m [36m[1m[vite][22m[39m [90m[2m(client)[22m[39m [32mhmr update [39m[2m/@fs/C:\Users\Huynh Nhu\Downloads\Project\frontend\src\components\product\ProductDetail.tsx, /src/index.css[22m
[2m10:54:31 PM[22m [36m[1m[vite][22m[39m [90m[2m(client)[22m[39m [32mhmr update [39m[2m/@fs/C:\Users\Huynh Nhu\Downloads\Project\frontend\src\components\product\ProductDetail.tsx, /src/index.css[22m
[2m10:55:54 PM[22m [36m[1m[vite][22m[39m [90m[2m(client)[22m[39m [32mhmr update [39m[2m/@fs/C:\Users\Huynh Nhu\Downloads\Project\frontend\src\components\product\ProductDetail.tsx, /src/index.css[22m
[2m10:58:11 PM[22m [36m[1m[vite][22m[39m [90m[2m(client)[22m[39m [32mhmr update [39m[2m/@fs/C:\Users\Huynh Nhu\Downloads\Project\frontend\src\components\product\ProductDetail.tsx, /src/index.css[22m
[2m11:00:15 PM[22m [36m[1m[vite][22m[39m [90m[2m(client)[22m[39m [32mhmr update [39m[2m/@fs/C:\Users\Huynh Nhu\Downloads\Project\frontend\src\components\product\ProductDetail.tsx, /src/index.css[22m
[2m11:00:38 PM[22m [36m[1m[vite][22m[39m [90m[2m(client)[22m[39m [32mhmr update [39m[2m/@fs/C:\Users\Huynh Nhu\Downloads\Project\frontend\src\components\product\ProductDetail.tsx, /src/index.css[22m
[2m11:03:39 PM[22m [36m[1m[vite][22m[39m [90m[2m(client)[22m[39m [32mhmr update [39m[2m/@fs/C:\Users\Huynh Nhu\Downloads\Project\frontend\src\components\product\ProductDetail.tsx, /src/index.css[22m
[2m11:06:55 PM[22m [36m[1m[vite][22m[39m [90m[2m(client)[22m[39m [32mhmr update [39m[2m/@fs/C:\Users\Huynh Nhu\Downloads\Project\frontend\src\components\product\ProductDetail.tsx, /src/index.css[22m
[2m11:10:20 PM[22m [36m[1m[vite][22m[39m [90m[2m(client)[22m[39m [32mhmr update [39m[2m/@fs/C:\Users\Huynh Nhu\Downloads\Project\frontend\src\components\product\ProductDetail.tsx, /src/index.css[22m
[2m11:15:46 PM[22m [36m[1m[vite][22m[39m [90m[2m(client)[22m[39m [32mhmr update [39m[2m/@fs/C:\Users\Huynh Nhu\Downloads\Project\frontend\src\components\product\ProductDetail.tsx, /src/index.css[22m
[2m11:38:42 PM[22m [36m[1m[vite][22m[39m [90m[2m(client)[22m[39m [32mhmr update [39m[2m/src/pages/RankingsPage.tsx, /src/index.css[22m
[2m11:39:10 PM[22m [36m[1m[vite][22m[39m [90m[2m(client)[22m[39m [32mhmr update [39m[2m/src/pages/RankingsPage.tsx, /src/index.css[22m
[2m12:05:36 AM[22m [36m[1m[vite][22m[39m [90m[2m(client)[22m[39m [32mhmr update [39m[2m/src/pages/DashboardPage.tsx, /src/index.css[22m
[2m12:05:41 AM[22m [36m[1m[vite][22m[39m [90m[2m(client)[22m[39m [32mhmr update [39m[2m/src/pages/DashboardPage.tsx, /src/index.css[22m
[2m12:18:56 AM[22m [36m[1m[vite][22m[39m [90m[2m(client)[22m[39m [32mhmr update [39m[2m/src/pages/RankingsPage.tsx, /src/index.css[22m
[2m3:25:46 PM[22m [36m[1m[vite][22m[39m [90m[2m(client)[22m[39m [32mhmr update [39m[2m/src/index.css, /@fs/C:\Users\Huynh Nhu\Downloads\Project\frontend\src\components\layout\CategoryMegaMenu.tsx, /@fs/C:\Users\Huynh Nhu\Downloads\Project\frontend\src\components\layout\SearchBar.tsx, /src/pages/ProductListPage.tsx[22m
[2m3:30:38 PM[22m [36m[1m[vite][22m[39m [90m[2m(client)[22m[39m [32mhmr update [39m[2m/src/index.css, /@fs/C:\Users\Huynh Nhu\Downloads\Project\frontend\src\components\layout\CategoryMegaMenu.tsx, /@fs/C:\Users\Huynh Nhu\Downloads\Project\frontend\src\components\layout\SearchBar.tsx, /src/pages/ProductListPage.tsx[22m
[2m3:33:22 PM[22m [36m[1m[vite][22m[39m [90m[2m(client)[22m[39m [32mhmr update [39m[2m/src/index.css, /@fs/C:\Users\Huynh Nhu\Downloads\Project\frontend\src\components\layout\CategoryMegaMenu.tsx, /@fs/C:\Users\Huynh Nhu\Downloads\Project\frontend\src\components\layout\SearchBar.tsx, /src/pages/ProductListPage.tsx[22m
[2m3:35:10 PM[22m [36m[1m[vite][22m[39m [90m[2m(client)[22m[39m [32mhmr update [39m[2m/src/index.css, /@fs/C:\Users\Huynh Nhu\Downloads\Project\frontend\src\components\layout\CategoryMegaMenu.tsx, /@fs/C:\Users\Huynh Nhu\Downloads\Project\frontend\src\components\layout\SearchBar.tsx, /src/pages/ProductListPage.tsx[22m
[2m3:35:15 PM[22m [36m[1m[vite][22m[39m [90m[2m(client)[22m[39m [32mhmr update [39m[2m/@fs/C:\Users\Huynh Nhu\Downloads\Project\frontend\src\components\layout\CategoryMegaMenu.tsx, /src/index.css[22m
[2m3:59:59 PM[22m [36m[1m[vite][22m[39m [90m[2m(client)[22m[39m [32mhmr update [39m[2m/@fs/C:\Users\Huynh Nhu\Downloads\Project\frontend\src\components\layout\CategoryMegaMenu.tsx, /src/index.css[22m
[2m4:00:33 PM[22m [36m[1m[vite][22m[39m [90m[2m(client)[22m[39m [32mhmr update [39m[2m/@fs/C:\Users\Huynh Nhu\Downloads\Project\frontend\src\components\layout\CategoryMegaMenu.tsx, /src/index.css[22m
[2m4:04:54 PM[22m [36m[1m[vite][22m[39m [90m[2m(client)[22m[39m [32mhmr update [39m[2m/src/pages/ProductListPage.tsx, /src/index.css[22m
[2m4:05:23 PM[22m [36m[1m[vite][22m[39m [90m[2m(client)[22m[39m [32mhmr update [39m[2m/@fs/C:\Users\Huynh Nhu\Downloads\Project\frontend\src\components\layout\CategoryMegaMenu.tsx, /src/index.css[22m
[2m4:05:41 PM[22m [36m[1m[vite][22m[39m [90m[2m(client)[22m[39m [32mhmr update [39m[2m/src/pages/ProductListPage.tsx, /src/index.css[22m
[2m4:10:14 PM[22m [36m[1m[vite][22m[39m [90m[2m(client)[22m[39m [32mhmr update [39m[2m/@fs/C:\Users\Huynh Nhu\Downloads\Project\frontend\src\components\layout\CategoryMegaMenu.tsx, /src/index.css[22m
[2m4:12:41 PM[22m [36m[1m[vite][22m[39m [90m[2m(client)[22m[39m [32mhmr update [39m[2m/@fs/C:\Users\Huynh Nhu\Downloads\Project\frontend\src\components\layout\CategoryMegaMenu.tsx, /src/index.css[22m
[2m4:15:58 PM[22m [36m[1m[vite][22m[39m [90m[2m(client)[22m[39m [32mhmr update [39m[2m/@fs/C:\Users\Huynh Nhu\Downloads\Project\frontend\src\components\layout\CategoryMegaMenu.tsx, /src/index.css[22m
[2m4:24:27 PM[22m [36m[1m[vite][22m[39m [90m[2m(client)[22m[39m [32mhmr update [39m[2m/src/pages/ProductListPage.tsx, /src/index.css[22m
[2m4:25:25 PM[22m [36m[1m[vite][22m[39m [90m[2m(client)[22m[39m [32mhmr update [39m[2m/src/pages/ProductListPage.tsx, /src/index.css[22m
[2m4:29:10 PM[22m [36m[1m[vite][22m[39m [90m[2m(client)[22m[39m [32mhmr update [39m[2m/src/pages/ProductListPage.tsx, /src/index.css[22m
[2m4:29:16 PM[22m [36m[1m[vite][22m[39m [90m[2m(client)[22m[39m [32mhmr update [39m[2m/src/pages/ProductListPage.tsx, /src/index.css[22m
[2m4:29:16 PM[22m [36m[1m[vite][22m[39m [90m[2m(client)[22m[39m [32mhmr update [39m[2m/src/pages/ProductListPage.tsx, /src/index.css[22m
[2m4:29:54 PM[22m [36m[1m[vite][22m[39m [90m[2m(client)[22m[39m [32mhmr update [39m[2m/src/pages/ProductListPage.tsx, /src/index.css[22m
[2m4:30:59 PM[22m [36m[1m[vite][22m[39m [90m[2m(client)[22m[39m [32mhmr update [39m[2m/src/pages/ProductListPage.tsx, /src/index.css[22m
[2m4:33:15 PM[22m [36m[1m[vite][22m[39m [90m[2m(client)[22m[39m [32mhmr update [39m[2m/src/pages/ProductListPage.tsx, /src/index.css[22m
[2m4:34:27 PM[22m [36m[1m[vite][22m[39m [90m[2m(client)[22m[39m [32mhmr update [39m[2m/src/pages/ProductListPage.tsx, /src/index.css[22m
[2m4:45:38 PM[22m [36m[1m[vite][22m[39m [90m[2m(client)[22m[39m [32mhmr update [39m[2m/@fs/C:\Users\Huynh Nhu\Downloads\Project\frontend\src\components\product\ProductCard.tsx, /src/index.css[22m
[2m4:46:09 PM[22m [36m[1m[vite][22m[39m [90m[2m(client)[22m[39m [32mhmr update [39m[2m/@fs/C:\Users\Huynh Nhu\Downloads\Project\frontend\src\components\product\ProductCard.tsx, /src/index.css[22m
[2m4:52:36 PM[22m [36m[1m[vite][22m[39m [90m[2m(client)[22m[39m [32mhmr update [39m[2m/@fs/C:\Users\Huynh Nhu\Downloads\Project\frontend\src\components\admin\AdminDashboardParts.tsx, /src/index.css[22m
[2m5:02:26 PM[22m [36m[1m[vite][22m[39m [90m[2m(client)[22m[39m [32mhmr update [39m[2m/@fs/C:\Users\Huynh Nhu\Downloads\Project\frontend\src\components\video\ReelsModal.tsx, /src/index.css[22m
[2m5:02:44 PM[22m [36m[1m[vite][22m[39m [90m[2m(client)[22m[39m [32mhmr update [39m[2m/src/pages/VideoPage.tsx, /src/index.css[22m
[2m5:03:32 PM[22m [36m[1m[vite][22m[39m [90m[2m(client)[22m[39m [32mhmr update [39m[2m/@fs/C:\Users\Huynh Nhu\Downloads\Project\frontend\src\components\video\ReelsModal.tsx, /src/index.css[22m
[2m5:05:40 PM[22m [36m[1m[vite][22m[39m [90m[2m(client)[22m[39m [32mhmr update [39m[2m/@fs/C:\Users\Huynh Nhu\Downloads\Project\frontend\src\components\video\ReelsModal.tsx, /src/index.css[22m
[2m5:13:18 PM[22m [36m[1m[vite][22m[39m [90m[2m(client)[22m[39m [32mhmr update [39m[2m/@fs/C:\Users\Huynh Nhu\Downloads\Project\frontend\src\components\video\ReelsModal.tsx, /src/index.css[22m
[2m5:15:59 PM[22m [36m[1m[vite][22m[39m [90m[2m(client)[22m[39m [32mhmr update [39m[2m/@fs/C:\Users\Huynh Nhu\Downloads\Project\frontend\src\components\video\ReelsModal.tsx, /src/index.css[22m
